C:\Users\OJT\Exist>echo #Blanck >>  README.md

C:\Users\OJT\Exist>git init
Reinitialized existing Git repository in C:/Users/OJT/Exist/.git/

C:\Users\OJT\Exist>git config --global user.name "Kim Olivo"

C:\Users\OJT\Exist>git config --global user.email kimolivo@yahoo.com

C:\Users\OJT\Exist>git init
Reinitialized existing Git repository in C:/Users/OJT/Exist/.git/

C:\Users\OJT\Exist>git status
On branch master

Initial commit

Untracked files:
  (use "git add <file>..." to include in what will be committed)

        README.md

nothing added to commit but untracked files present (use "git add" to track)

C:\Users\OJT\Exist>git add README.md

C:\Users\OJT\Exist>git status
On branch master

Initial commit

Changes to be committed:
  (use "git rm --cached <file>..." to unstage)

        new file:   README.md


C:\Users\OJT\Exist>git commit -m "Fist Commit"
[master (root-commit) 2b7cfc0] Fist Commit
 1 file changed, 2 insertions(+)
 create mode 100644 README.md

C:\Users\OJT\Exist>git remote add origin https://github.com/kimolivo/Exist.git
fatal: remote origin already exists.

C:\Users\OJT\Exist>git remote add origin https://github.com/kimolivo/Exist.git
fatal: remote origin already exists.

C:\Users\OJT\Exist>git push -u origin master
Username for 'https://github.com': kimolivo@yahoo.com
Password for 'https://kimolivo@yahoo.com@github.com':
Counting objects: 3, done.
Writing objects: 100% (3/3), 232 bytes | 0 bytes/s, done.
Total 3 (delta 0), reused 0 (delta 0)
To https://github.com/kimolivo/Exist.git
 * [new branch]      master -> master
Branch master set up to track remote branch master from origin.

C:\Users\OJT\Exist>git status
On branch master
Your branch is up-to-date with 'origin/master'.
nothing to commit, working directory clean